// Jest Snapshot v1, https://goo.gl/fbAQLP

exports[`Form Component matches saved snapshot 1`] = `ShallowWrapper {}`;
